
Attaching package: ‘dplyr’

The following objects are masked from ‘package:stats’:

    filter, lag

The following objects are masked from ‘package:base’:

    intersect, setdiff, setequal, union


Attaching package: ‘Matrix’

The following objects are masked from ‘package:tidyr’:

    expand, pack, unpack

Processing corpus: GO (50334113 docs)
[GO] Tokens vor Filtern: 136508361
[GO] Unique Tokens vor Filtern: 10791
[GO] Tokens nach Filtern: 130064209
[GO] Unique Tokens nach Filtern: 10503
Processing corpus: IPR (44585348 docs)
[IPR] Tokens vor Filtern: 166294398
[IPR] Unique Tokens vor Filtern: 38231
[IPR] Tokens nach Filtern: 158465347
[IPR] Unique Tokens nach Filtern: 34584
Processing corpus: HRD (20046820 docs)
[HRD] Tokens vor Filtern: 67740612
[HRD] Unique Tokens vor Filtern: 393588
[HRD] Tokens nach Filtern: 64937335
[HRD] Unique Tokens nach Filtern: 353389
Done. Lexical axes built for GO, InterPro & HRDs.
--- Phase 1: Lade Referenzdaten ---
Lade vorbereiteten chemischen Raum aus results/chemical_space.rds...
Lade Abfrage-Kidera-Faktoren...
Lade Mean-Vektor aus results/protein_mean_vector.csv...
Mean-Vektor geladen: 23483433 Einträge.
Lade lexikalische Vektoren für die Korpora...
Lade lexikalische Achsen aus material/lexical_axes_GO.rds...
Lexikalische Achsen geladen: 12236003 Einträge.
Lade lexikalische Achsen aus material/lexical_axes_IPR.rds...
Lexikalische Achsen geladen: 14044515 Einträge.
Lade lexikalische Achsen aus material/lexical_axes_HRD.rds...
Lexikalische Achsen geladen: 20046013 Einträge.
--- Phase 2: Verarbeite BLAST-Ergebnisse ---
Verarbeite BLAST-Ergebnisse aus results/p_coccineus_test_data.txt...
Wende neue Normalisierungslogik an...
BLAST-Gewichtungen berechnet.
30 Abfrageproteine zur Verarbeitung gefunden.
--- Phase 3: Starte Nachbarsuche für jede Abfrage ---
Verarbeite Abfrage 1/30: PC67_1
  -> Erstelle Abfragevektor...
  -> Finde die 50 nächsten Nachbarn im chemischen Raum...
  -> Top 10 Nachbarn im k-d Baum: A0A385EGF0, A0A353RB62, A0A4V2BFJ1, A0AAX1XUX5, G8UNF4, A0A8T0TPH2, A0AB34XMH3, W2ZS71, A0A0S6W4C9, A0A841R1R0
  -> Führe lexikalische Filterung für Korpus 'GO' durch...
  -> Führe lexikalische Filterung für Korpus 'IPR' durch...
  -> Führe lexikalische Filterung für Korpus 'HRD' durch...
  -> Speichere Ergebnisse in results//pc67_1...
Verarbeite Abfrage 2/30: PC196_1
  -> Erstelle Abfragevektor...
  -> Finde die 50 nächsten Nachbarn im chemischen Raum...
  -> Top 10 Nachbarn im k-d Baum: A0AA38H0E4, A0A2N7QPC6, A0A411DZB4, A0A101PJH0, A0A022S0E6, UPI0025F355F9, A0A0N0GR67, A0A1V5JF79, A0A5N6QZS0, A0A643FVP9
  -> Führe lexikalische Filterung für Korpus 'GO' durch...
  -> Führe lexikalische Filterung für Korpus 'IPR' durch...
  -> Führe lexikalische Filterung für Korpus 'HRD' durch...
  -> Speichere Ergebnisse in results//pc196_1...
Verarbeite Abfrage 3/30: PC197_1
  -> Erstelle Abfragevektor...
  -> Finde die 50 nächsten Nachbarn im chemischen Raum...
  -> Top 10 Nachbarn im k-d Baum: A0AAV2VKH6, A0A284VS47, A0A6N7EZ84, A0A2N2J4P6, A0AAD8G5K0, UPI0022E4FC5E, UPI0028812A64, A0A397U2B8, A0A7J6HTQ7, A0A4Y5TM08
  -> Führe lexikalische Filterung für Korpus 'GO' durch...
  -> Führe lexikalische Filterung für Korpus 'IPR' durch...
  -> Führe lexikalische Filterung für Korpus 'HRD' durch...
  -> Speichere Ergebnisse in results//pc197_1...
Verarbeite Abfrage 4/30: PC202_1
  -> Erstelle Abfragevektor...
  -> Finde die 50 nächsten Nachbarn im chemischen Raum...
  -> Top 10 Nachbarn im k-d Baum: A0A1N6F7N0, UPI00115934E7, V5WKD0, UPI000CD3FFC8, A0A2M6VNF7, A0A1V4V5H3, A0A939VAX8, A0A7C5CWZ1, UPI000997C0B2, A0A4D5ZDG5
  -> Führe lexikalische Filterung für Korpus 'GO' durch...
  -> Führe lexikalische Filterung für Korpus 'IPR' durch...
  -> Führe lexikalische Filterung für Korpus 'HRD' durch...
  -> Speichere Ergebnisse in results//pc202_1...
Verarbeite Abfrage 5/30: PC247_1
  -> Erstelle Abfragevektor...
  -> Finde die 50 nächsten Nachbarn im chemischen Raum...
  -> Top 10 Nachbarn im k-d Baum: A0A8B6F7D3, A0A8R2M6Q5, A0A438G8T4, A0A9R0JF23, UPI002ED7087A, A0AA38TAZ9, G2KPG2, A0A5N4AAP3, A0A4U5MEI9, A0A8R7UEB6
  -> Führe lexikalische Filterung für Korpus 'GO' durch...
  -> Führe lexikalische Filterung für Korpus 'IPR' durch...
  -> Führe lexikalische Filterung für Korpus 'HRD' durch...
  -> Speichere Ergebnisse in results//pc247_1...
Verarbeite Abfrage 6/30: PC302_1
  -> Erstelle Abfragevektor...
  -> Finde die 50 nächsten Nachbarn im chemischen Raum...
  -> Top 10 Nachbarn im k-d Baum: A0A1G5X1X1, A0A4Y7M6A0, A0A6L2JYZ9, M1FD91, A0A8J8SZ24, F6UU30, A0A4R2SVM4, UPI000C788AF0, A0A8I5KXR4, A0A511ASA0
  -> Führe lexikalische Filterung für Korpus 'GO' durch...
  -> Führe lexikalische Filterung für Korpus 'IPR' durch...
  -> Führe lexikalische Filterung für Korpus 'HRD' durch...
  -> Speichere Ergebnisse in results//pc302_1...
Verarbeite Abfrage 7/30: PC325_1
  -> Erstelle Abfragevektor...
  -> Finde die 50 nächsten Nachbarn im chemischen Raum...
  -> Top 10 Nachbarn im k-d Baum: A0A078FZ04, A0A2V7R7U7, UPI000D737A9A, UPI001611449C, A0A3C0ANL2, A0A349A3L8, UPI002B26F56E, A0A089YU86, H2A3E6, A0AAT9HMG1
  -> Führe lexikalische Filterung für Korpus 'GO' durch...
  -> Führe lexikalische Filterung für Korpus 'IPR' durch...
  -> Führe lexikalische Filterung für Korpus 'HRD' durch...
  -> Speichere Ergebnisse in results//pc325_1...
Verarbeite Abfrage 8/30: PC346_1
  -> Erstelle Abfragevektor...
  -> Finde die 50 nächsten Nachbarn im chemischen Raum...
  -> Top 10 Nachbarn im k-d Baum: A0A8R1I142, A0AAD9J013, A0A2E1Q5T1, A0A7R8D6W9, A0A2S5KNG2, A0A085MJZ5, A0AAW2F3T4, A0A2J6TGZ5, A0A0W8CZ66, A0A7Y3UPW6
  -> Führe lexikalische Filterung für Korpus 'GO' durch...
  -> Führe lexikalische Filterung für Korpus 'IPR' durch...
  -> Führe lexikalische Filterung für Korpus 'HRD' durch...
  -> Speichere Ergebnisse in results//pc346_1...
Verarbeite Abfrage 9/30: PC418_1
  -> Erstelle Abfragevektor...
  -> Finde die 50 nächsten Nachbarn im chemischen Raum...
  -> Top 10 Nachbarn im k-d Baum: A0A4E9D7X6, A0A8K0IRP6, A0A9W6AZF6, A0A8C4Q960, A0A6P4ZBP9, A0A251PEU9, A0A966T219, A0A1I4WWD0, N1RBY1, A0A8B8EPL2
  -> Führe lexikalische Filterung für Korpus 'GO' durch...
  -> Führe lexikalische Filterung für Korpus 'IPR' durch...
  -> Führe lexikalische Filterung für Korpus 'HRD' durch...
  -> Speichere Ergebnisse in results//pc418_1...
Verarbeite Abfrage 10/30: PC483_1
  -> Erstelle Abfragevektor...
  -> Finde die 50 nächsten Nachbarn im chemischen Raum...
  -> Top 10 Nachbarn im k-d Baum: A0A1S3K9F8, A0A7C8J0S2, F4P4A4, A0A4Y9XQV1, A0A2V9ZY32, UPI00224DB098, A0A6A4Y0Q6, A0A8K0JTP8, A0A7J0G7R8, A0A6V0CZ69
  -> Führe lexikalische Filterung für Korpus 'GO' durch...
  -> Führe lexikalische Filterung für Korpus 'IPR' durch...
  -> Führe lexikalische Filterung für Korpus 'HRD' durch...
  -> Speichere Ergebnisse in results//pc483_1...
Verarbeite Abfrage 11/30: PC538_1
  -> Erstelle Abfragevektor...
  -> Finde die 50 nächsten Nachbarn im chemischen Raum...
  -> Top 10 Nachbarn im k-d Baum: A0A7S0YKK1, A0AAD9WRI7, A0A8D8TP29, A0AAV4LTV4, E9F617, A0AAD1YQ28, H2UKA2, A0A970XK34, A0A3B3I7J6, A0A2E9QX45
  -> Führe lexikalische Filterung für Korpus 'GO' durch...
  -> Führe lexikalische Filterung für Korpus 'IPR' durch...
  -> Führe lexikalische Filterung für Korpus 'HRD' durch...
  -> Speichere Ergebnisse in results//pc538_1...
Verarbeite Abfrage 12/30: PC992_1
  -> Erstelle Abfragevektor...
  -> Finde die 50 nächsten Nachbarn im chemischen Raum...
  -> Top 10 Nachbarn im k-d Baum: A0A520IFA9, A0A165P0C1, A0A1I3T501, A0A6G9YEC6, A0A520Q6E9, A0A1D2ND93, A0A7X2MZQ1, C0DBG8, A0A6S7IFX6, R7QVX7
  -> Führe lexikalische Filterung für Korpus 'GO' durch...
  -> Führe lexikalische Filterung für Korpus 'IPR' durch...
  -> Führe lexikalische Filterung für Korpus 'HRD' durch...
  -> Speichere Ergebnisse in results//pc992_1...
Verarbeite Abfrage 13/30: PC1020_1
  -> Erstelle Abfragevektor...
  -> Finde die 50 nächsten Nachbarn im chemischen Raum...
  -> Top 10 Nachbarn im k-d Baum: A0A0G1R0A2, A0A5E4P2K4, A0AAE1JRW5, A0A2T7TME7, A0A2P5NL04, A0A542BQM4, A0A6A6GMK6, A0A931ZQQ4, A0A2K8MKA6, A0A9D7LHQ2
  -> Führe lexikalische Filterung für Korpus 'GO' durch...
  -> Führe lexikalische Filterung für Korpus 'IPR' durch...
  -> Führe lexikalische Filterung für Korpus 'HRD' durch...
  -> Speichere Ergebnisse in results//pc1020_1...
Verarbeite Abfrage 14/30: PC1088_1
  -> Erstelle Abfragevektor...
  -> Finde die 50 nächsten Nachbarn im chemischen Raum...
  -> Top 10 Nachbarn im k-d Baum: A0A8S0WVX2, A0A4Z1PH95, A0A498IU90, A0A7J7KV66, A0A8D8XXN9, A0A0G4AZB6, A0A834YB49, A0AA40B567, W1NF84, A0A2C9LRX4
  -> Führe lexikalische Filterung für Korpus 'GO' durch...
  -> Führe lexikalische Filterung für Korpus 'IPR' durch...
  -> Führe lexikalische Filterung für Korpus 'HRD' durch...
  -> Speichere Ergebnisse in results//pc1088_1...
Verarbeite Abfrage 15/30: PC1375_1
  -> Erstelle Abfragevektor...
  -> Finde die 50 nächsten Nachbarn im chemischen Raum...
  -> Top 10 Nachbarn im k-d Baum: A0A1M5MLN7, UPI001C0BBC43, A0A4Z1PK27, A0A7Y7AFB9, A0A8H5EZP1, A0A9R1W856, F4L0S2, A0A2S6TNI1, A0A3D1YHD3, A0A7H4MIS3
  -> Führe lexikalische Filterung für Korpus 'GO' durch...
  -> Führe lexikalische Filterung für Korpus 'IPR' durch...
  -> Führe lexikalische Filterung für Korpus 'HRD' durch...
  -> Speichere Ergebnisse in results//pc1375_1...
Verarbeite Abfrage 16/30: PC1446_1
  -> Erstelle Abfragevektor...
  -> Finde die 50 nächsten Nachbarn im chemischen Raum...
  -> Top 10 Nachbarn im k-d Baum: A0AAJ6U1Y7, A0A226E3P6, UPI001EE5015B, V4AAA2, A0A226D1V5, A0A2S2QVG8, A0AAV2H0X2, Q10408, UPI0007B9613C, A0A2T7NPI8
  -> Führe lexikalische Filterung für Korpus 'GO' durch...
  -> Führe lexikalische Filterung für Korpus 'IPR' durch...
  -> Führe lexikalische Filterung für Korpus 'HRD' durch...
  -> Speichere Ergebnisse in results//pc1446_1...
Verarbeite Abfrage 17/30: PC1643_1
  -> Erstelle Abfragevektor...
  -> Finde die 50 nächsten Nachbarn im chemischen Raum...
  -> Top 10 Nachbarn im k-d Baum: A0A8T6RFG3, G6AXE4, A0A2Z5UT30, A0A3D1MGU9, A0A7J2QZ34, UPI001656FEB8, A0A925T684, A0A535BJU2, A0A1F8ECT4, UPI000C773E28
  -> Führe lexikalische Filterung für Korpus 'GO' durch...
  -> Führe lexikalische Filterung für Korpus 'IPR' durch...
  -> Führe lexikalische Filterung für Korpus 'HRD' durch...
  -> Speichere Ergebnisse in results//pc1643_1...
Verarbeite Abfrage 18/30: PC1675_1
  -> Erstelle Abfragevektor...
  -> Finde die 50 nächsten Nachbarn im chemischen Raum...
  -> Top 10 Nachbarn im k-d Baum: P09756, P27491, A0A151RTW8, A0A2I0AJ57, P12333, P04778, P07371, A0AAV9AUF6, A0A453M5D2, A0A8T0UX21
  -> Führe lexikalische Filterung für Korpus 'GO' durch...
  -> Führe lexikalische Filterung für Korpus 'IPR' durch...
  -> Führe lexikalische Filterung für Korpus 'HRD' durch...
  -> Speichere Ergebnisse in results//pc1675_1...
Verarbeite Abfrage 19/30: PC1885_1
  -> Erstelle Abfragevektor...
  -> Finde die 50 nächsten Nachbarn im chemischen Raum...
  -> Top 10 Nachbarn im k-d Baum: A0A3M6TXV2, A0A1E3PEF3, A0A0V0XLT7, A0A0W8DJ65, A0A7S2R6H8, U4UCB9, I1K654, A0AAD8KF36, A0A484D1H9, A0A251TMR4
  -> Führe lexikalische Filterung für Korpus 'GO' durch...
  -> Führe lexikalische Filterung für Korpus 'IPR' durch...
  -> Führe lexikalische Filterung für Korpus 'HRD' durch...
  -> Speichere Ergebnisse in results//pc1885_1...
Verarbeite Abfrage 20/30: PC2317_1
  -> Erstelle Abfragevektor...
  -> Finde die 50 nächsten Nachbarn im chemischen Raum...
  -> Top 10 Nachbarn im k-d Baum: A0AAP7DC95, UPI001FB193C6, UPI001EBF3F9B, A0A1I5YUV5, UPI00084B31F6, C4YA59, A0A0M5JHN6, A0A326TT26, UPI00326368EF, A0AAN4ZHR5
  -> Führe lexikalische Filterung für Korpus 'GO' durch...
  -> Führe lexikalische Filterung für Korpus 'IPR' durch...
  -> Führe lexikalische Filterung für Korpus 'HRD' durch...
  -> Speichere Ergebnisse in results//pc2317_1...
Verarbeite Abfrage 21/30: PC3076_1
  -> Erstelle Abfragevektor...
  -> Finde die 50 nächsten Nachbarn im chemischen Raum...
  -> Top 10 Nachbarn im k-d Baum: A0A8S9JZZ6, A0A1V8TKI3, C4FDT9, A0A8T1HEI2, A0AAI8YLS5, A0A846Z4H6, E4ZZG2, H6C542, A0A8J5KTL5, A0A445E4I2
  -> Führe lexikalische Filterung für Korpus 'GO' durch...
  -> Führe lexikalische Filterung für Korpus 'IPR' durch...
  -> Führe lexikalische Filterung für Korpus 'HRD' durch...
  -> Speichere Ergebnisse in results//pc3076_1...
Verarbeite Abfrage 22/30: PC3257_1
  -> Erstelle Abfragevektor...
  -> Finde die 50 nächsten Nachbarn im chemischen Raum...
  -> Top 10 Nachbarn im k-d Baum: A0A522V3P5, A0A7J6N6Q4, A0A9N9YQQ6, A0A067N496, UPI001CBDC22D, A0A2V5Z236, A0A0P9PVA4, A0A8H4XHY9, A0A9D1MEL8, C3ZA53
  -> Führe lexikalische Filterung für Korpus 'GO' durch...
  -> Führe lexikalische Filterung für Korpus 'IPR' durch...
  -> Führe lexikalische Filterung für Korpus 'HRD' durch...
  -> Speichere Ergebnisse in results//pc3257_1...
Verarbeite Abfrage 23/30: PC3420_1
  -> Erstelle Abfragevektor...
  -> Finde die 50 nächsten Nachbarn im chemischen Raum...
  -> Top 10 Nachbarn im k-d Baum: M1B779, A0A0L0RWM0, A0AAQ4E012, A0AAV1KF62, A0AAF6B2J2, A0A9W8DRK9, A0A314KID4, A0A6H5IVH9, A0AAV8GCT9, UPI00068D3518
  -> Führe lexikalische Filterung für Korpus 'GO' durch...
  -> Führe lexikalische Filterung für Korpus 'IPR' durch...
  -> Führe lexikalische Filterung für Korpus 'HRD' durch...
  -> Speichere Ergebnisse in results//pc3420_1...
Verarbeite Abfrage 24/30: PC3921_1
  -> Erstelle Abfragevektor...
  -> Finde die 50 nächsten Nachbarn im chemischen Raum...
  -> Top 10 Nachbarn im k-d Baum: A0A067K969, A0A8X7W4P3, M2U8D2, A0A0R0G3X8, A0AAD4VKY3, A0A9D4VM20, UPI003462D672, A0A2U9R8R7, A0AAW2L473, A0A7G9W719
  -> Führe lexikalische Filterung für Korpus 'GO' durch...
  -> Führe lexikalische Filterung für Korpus 'IPR' durch...
  -> Führe lexikalische Filterung für Korpus 'HRD' durch...
  -> Speichere Ergebnisse in results//pc3921_1...
Verarbeite Abfrage 25/30: PC5043_1
  -> Erstelle Abfragevektor...
  -> Finde die 50 nächsten Nachbarn im chemischen Raum...
  -> Top 10 Nachbarn im k-d Baum: A0AAN9LD97, A0A7X6UIA2, E1R6V2, A0A4D6KUB7, A0A7X5KSQ4, A0A2W0H6B5, A0A6P4FE69, UPI00388C3C47, Q3A1C9, A0AAV6V9C9
  -> Führe lexikalische Filterung für Korpus 'GO' durch...
  -> Führe lexikalische Filterung für Korpus 'IPR' durch...
  -> Führe lexikalische Filterung für Korpus 'HRD' durch...
  -> Speichere Ergebnisse in results//pc5043_1...
Verarbeite Abfrage 26/30: PC5638_1
  -> Erstelle Abfragevektor...
  -> Finde die 50 nächsten Nachbarn im chemischen Raum...
  -> Top 10 Nachbarn im k-d Baum: A0A8T0DCA8, A0AAE1TJB6, A0A093YZ39, A0A1C5F764, A0A3M7NUY8, A0AAZ3RYL4, A0A4Y9ZDI7, A0A8J2S4R0, UPI0010556E50, A0A9P7ZWG6
  -> Führe lexikalische Filterung für Korpus 'GO' durch...
  -> Führe lexikalische Filterung für Korpus 'IPR' durch...
  -> Führe lexikalische Filterung für Korpus 'HRD' durch...
  -> Speichere Ergebnisse in results//pc5638_1...
Verarbeite Abfrage 27/30: PC6096_1
  -> Erstelle Abfragevektor...
  -> Finde die 50 nächsten Nachbarn im chemischen Raum...
  -> Top 10 Nachbarn im k-d Baum: A0A178WLB1, A0A0S8B7X8, A0A3Q7J265, A0A4D7BDM2, G7IHC8, Q9RSS9, Q43312, A0A7M2WUU0, O81826, A0A1H4GYF0
  -> Führe lexikalische Filterung für Korpus 'GO' durch...
  -> Führe lexikalische Filterung für Korpus 'IPR' durch...
  -> Führe lexikalische Filterung für Korpus 'HRD' durch...
  -> Speichere Ergebnisse in results//pc6096_1...
Verarbeite Abfrage 28/30: PC6500_1
  -> Erstelle Abfragevektor...
  -> Finde die 50 nächsten Nachbarn im chemischen Raum...
  -> Top 10 Nachbarn im k-d Baum: A0AAD8Y7W9, A0A6B8KGK2, A0AA40P4M3, A0A813DTN6, A0AAD3CUX8, A0A9L0KAU9, Q9Z254, A0A7Y5JHR9, A0A1I0J0S0, A0A2D6PZW4
  -> Führe lexikalische Filterung für Korpus 'GO' durch...
  -> Führe lexikalische Filterung für Korpus 'IPR' durch...
  -> Führe lexikalische Filterung für Korpus 'HRD' durch...
  -> Speichere Ergebnisse in results//pc6500_1...
Verarbeite Abfrage 29/30: PC7658_1
  -> Erstelle Abfragevektor...
  -> Finde die 50 nächsten Nachbarn im chemischen Raum...
  -> Top 10 Nachbarn im k-d Baum: UPI000C044514, A0A6V8HCE6, A0A2I4FLX5, UPI00241CCCA3, A0A817XZU2, C0NPB8, A0A433D6L7, A0A3B4F8D4, A0A1V5RIC4, A0A7S2HPT8
  -> Führe lexikalische Filterung für Korpus 'GO' durch...
  -> Führe lexikalische Filterung für Korpus 'IPR' durch...
  -> Führe lexikalische Filterung für Korpus 'HRD' durch...
  -> Speichere Ergebnisse in results//pc7658_1...
Verarbeite Abfrage 30/30: PC8012_1
  -> Erstelle Abfragevektor...
  -> Finde die 50 nächsten Nachbarn im chemischen Raum...
  -> Top 10 Nachbarn im k-d Baum: P43280, D3E2I8, A0A8S5TWX6, A0A8S1C178, P43281, A0A074YWU5, A0A5E4Q036, A0A8B7PM27, A0A173XVY0, J3MVI8
  -> Führe lexikalische Filterung für Korpus 'GO' durch...
  -> Führe lexikalische Filterung für Korpus 'IPR' durch...
  -> Führe lexikalische Filterung für Korpus 'HRD' durch...
  -> Speichere Ergebnisse in results//pc8012_1...
--- Verarbeitung abgeschlossen ---
